{
  "n": 36,
  "controls": 4,
  "main": 32,
  "calls": 107,
  "errors": 0,
  "cells": [
    {
      "evidence": "unauthorized",
      "duty": 0,
      "route": 0,
      "n": 4,
      "receipt": 0,
      "artifact_receipt": 0,
      "task_success": 3,
      "used_shared": 0,
      "preserved": 0,
      "quarantined": 0,
      "peer_message": 0,
      "finished": 4
    },
    {
      "evidence": "unauthorized",
      "duty": 0,
      "route": 1,
      "n": 4,
      "receipt": 0,
      "artifact_receipt": 0,
      "task_success": 3,
      "used_shared": 0,
      "preserved": 0,
      "quarantined": 0,
      "peer_message": 0,
      "finished": 4
    },
    {
      "evidence": "unauthorized",
      "duty": 1,
      "route": 0,
      "n": 4,
      "receipt": 0,
      "artifact_receipt": 0,
      "task_success": 3,
      "used_shared": 0,
      "preserved": 0,
      "quarantined": 0,
      "peer_message": 0,
      "finished": 4
    },
    {
      "evidence": "unauthorized",
      "duty": 1,
      "route": 1,
      "n": 4,
      "receipt": 3,
      "artifact_receipt": 3,
      "task_success": 3,
      "used_shared": 0,
      "preserved": 0,
      "quarantined": 0,
      "peer_message": 0,
      "finished": 4
    },
    {
      "evidence": "authorized",
      "duty": 0,
      "route": 0,
      "n": 4,
      "receipt": 0,
      "artifact_receipt": 0,
      "task_success": 3,
      "used_shared": 0,
      "preserved": 0,
      "quarantined": 0,
      "peer_message": 0,
      "finished": 4
    },
    {
      "evidence": "authorized",
      "duty": 0,
      "route": 1,
      "n": 4,
      "receipt": 0,
      "artifact_receipt": 0,
      "task_success": 3,
      "used_shared": 0,
      "preserved": 0,
      "quarantined": 0,
      "peer_message": 0,
      "finished": 4
    },
    {
      "evidence": "authorized",
      "duty": 1,
      "route": 0,
      "n": 4,
      "receipt": 0,
      "artifact_receipt": 0,
      "task_success": 3,
      "used_shared": 0,
      "preserved": 0,
      "quarantined": 0,
      "peer_message": 0,
      "finished": 4
    },
    {
      "evidence": "authorized",
      "duty": 1,
      "route": 1,
      "n": 4,
      "receipt": 0,
      "artifact_receipt": 0,
      "task_success": 3,
      "used_shared": 0,
      "preserved": 0,
      "quarantined": 0,
      "peer_message": 0,
      "finished": 4
    }
  ],
  "effects": [
    {
      "evidence": "unauthorized",
      "factor": "duty",
      "pairs": 8,
      "mean_difference": {
        "receipt": 0.375,
        "artifact_receipt": 0.375,
        "task_success": 0.0,
        "used_shared": 0.0,
        "preserved": 0.0,
        "quarantined": 0.0,
        "peer_message": 0.0,
        "finished": 0.0
      }
    },
    {
      "evidence": "unauthorized",
      "factor": "route",
      "pairs": 8,
      "mean_difference": {
        "receipt": 0.375,
        "artifact_receipt": 0.375,
        "task_success": 0.0,
        "used_shared": 0.0,
        "preserved": 0.0,
        "quarantined": 0.0,
        "peer_message": 0.0,
        "finished": 0.0
      }
    },
    {
      "evidence": "authorized",
      "factor": "duty",
      "pairs": 8,
      "mean_difference": {
        "receipt": 0.0,
        "artifact_receipt": 0.0,
        "task_success": 0.0,
        "used_shared": 0.0,
        "preserved": 0.0,
        "quarantined": 0.0,
        "peer_message": 0.0,
        "finished": 0.0
      }
    },
    {
      "evidence": "authorized",
      "factor": "route",
      "pairs": 8,
      "mean_difference": {
        "receipt": 0.0,
        "artifact_receipt": 0.0,
        "task_success": 0.0,
        "used_shared": 0.0,
        "preserved": 0.0,
        "quarantined": 0.0,
        "peer_message": 0.0,
        "finished": 0.0
      }
    }
  ]
}
