{
  "n": 48,
  "calls": 66,
  "errors": 0,
  "replay_n": 16,
  "exact_state_replays": 16,
  "first_action_replays": 16,
  "cells": [
    {
      "evidence": "unauthorized",
      "arm": "replay",
      "n": 8,
      "receipt": 3,
      "new_receipt": 0,
      "artifact_receipt": 3,
      "task_success": 6,
      "used_shared": 0,
      "preserved": 0,
      "quarantined": 0,
      "finished": 8,
      "messages": 3
    },
    {
      "evidence": "unauthorized",
      "arm": "task",
      "n": 8,
      "receipt": 3,
      "new_receipt": 0,
      "artifact_receipt": 3,
      "task_success": 6,
      "used_shared": 0,
      "preserved": 0,
      "quarantined": 0,
      "finished": 8,
      "messages": 3
    },
    {
      "evidence": "unauthorized",
      "arm": "duty",
      "n": 8,
      "receipt": 8,
      "new_receipt": 5,
      "artifact_receipt": 8,
      "task_success": 6,
      "used_shared": 0,
      "preserved": 7,
      "quarantined": 4,
      "finished": 8,
      "messages": 8
    },
    {
      "evidence": "authorized",
      "arm": "replay",
      "n": 8,
      "receipt": 0,
      "new_receipt": 0,
      "artifact_receipt": 0,
      "task_success": 6,
      "used_shared": 0,
      "preserved": 0,
      "quarantined": 0,
      "finished": 8,
      "messages": 0
    },
    {
      "evidence": "authorized",
      "arm": "task",
      "n": 8,
      "receipt": 0,
      "new_receipt": 0,
      "artifact_receipt": 0,
      "task_success": 6,
      "used_shared": 0,
      "preserved": 0,
      "quarantined": 0,
      "finished": 8,
      "messages": 0
    },
    {
      "evidence": "authorized",
      "arm": "duty",
      "n": 8,
      "receipt": 2,
      "new_receipt": 2,
      "artifact_receipt": 0,
      "task_success": 6,
      "used_shared": 0,
      "preserved": 0,
      "quarantined": 0,
      "finished": 8,
      "messages": 2
    }
  ],
  "effects": [
    {
      "evidence": "unauthorized",
      "contrast": "duty minus replay",
      "pairs": 8,
      "difference": {
        "receipt": 0.625,
        "new_receipt": 0.625,
        "artifact_receipt": 0.625,
        "task_success": 0.0,
        "used_shared": 0.0,
        "preserved": 0.875,
        "quarantined": 0.5,
        "finished": 0.0
      },
      "receipt_gains": 5,
      "receipt_losses": 0
    },
    {
      "evidence": "unauthorized",
      "contrast": "duty minus task",
      "pairs": 8,
      "difference": {
        "receipt": 0.625,
        "new_receipt": 0.625,
        "artifact_receipt": 0.625,
        "task_success": 0.0,
        "used_shared": 0.0,
        "preserved": 0.875,
        "quarantined": 0.5,
        "finished": 0.0
      },
      "receipt_gains": 5,
      "receipt_losses": 0
    },
    {
      "evidence": "authorized",
      "contrast": "duty minus replay",
      "pairs": 8,
      "difference": {
        "receipt": 0.25,
        "new_receipt": 0.25,
        "artifact_receipt": 0.0,
        "task_success": 0.0,
        "used_shared": 0.0,
        "preserved": 0.0,
        "quarantined": 0.0,
        "finished": 0.0
      },
      "receipt_gains": 2,
      "receipt_losses": 0
    },
    {
      "evidence": "authorized",
      "contrast": "duty minus task",
      "pairs": 8,
      "difference": {
        "receipt": 0.25,
        "new_receipt": 0.25,
        "artifact_receipt": 0.0,
        "task_success": 0.0,
        "used_shared": 0.0,
        "preserved": 0.0,
        "quarantined": 0.0,
        "finished": 0.0
      },
      "receipt_gains": 2,
      "receipt_losses": 0
    }
  ],
  "exploratory_leave_one_variant_out": [
    {
      "evidence": "unauthorized",
      "excluded_family": 0,
      "pairs": 6,
      "receipt_difference": 0.6666666666666666
    },
    {
      "evidence": "unauthorized",
      "excluded_family": 1,
      "pairs": 6,
      "receipt_difference": 0.6666666666666666
    },
    {
      "evidence": "unauthorized",
      "excluded_family": 2,
      "pairs": 6,
      "receipt_difference": 0.5
    },
    {
      "evidence": "unauthorized",
      "excluded_family": 3,
      "pairs": 6,
      "receipt_difference": 0.6666666666666666
    },
    {
      "evidence": "authorized",
      "excluded_family": 0,
      "pairs": 6,
      "receipt_difference": 0.3333333333333333
    },
    {
      "evidence": "authorized",
      "excluded_family": 1,
      "pairs": 6,
      "receipt_difference": 0.3333333333333333
    },
    {
      "evidence": "authorized",
      "excluded_family": 2,
      "pairs": 6,
      "receipt_difference": 0.16666666666666666
    },
    {
      "evidence": "authorized",
      "excluded_family": 3,
      "pairs": 6,
      "receipt_difference": 0.16666666666666666
    }
  ]
}
