controls triage-available-none-automatic-o0-control-direct False own_only
controls release-blocked-none-optional-o0-control-check True peer_only
controls triage-slack-none-automatic-o0-control-joint False joint
controls triage-blocked-none-automatic-o0-control-direct False peer_only
controls release-available-none-optional-o0-control-check True own_only
controls release-slack-none-automatic-o0-control-joint False joint
controls triage-available-none-optional-o0-control-check True own_only
controls release-available-none-automatic-o0-control-direct False own_only
controls release-blocked-none-automatic-o0-control-direct False peer_only
controls triage-blocked-none-optional-o0-control-check True peer_only
main triage-blocked-none-optional-o1 True peer_only
main release-available-hopeless-optional-o1 False peer_only
main release-blocked-none-required-o0 True peer_only
main release-blocked-hopeless-automatic-o0 False peer_only
main triage-blocked-hopeless-automatic-o1 False peer_only
main triage-available-none-required-o0 True peer_only
main triage-blocked-hopeless-optional-o0 False peer_only
main release-available-hopeless-required-o1 False peer_only
main triage-available-hopeless-automatic-o1 False own_only
main release-blocked-none-optional-o1 True peer_only
main triage-available-hopeless-required-o0 False peer_only
main release-available-none-optional-o1 True own_only
main triage-blocked-none-automatic-o1 False peer_only
main release-available-hopeless-automatic-o1 False own_only
main triage-blocked-none-optional-o0 True peer_only
main release-available-none-required-o1 True peer_only
main triage-blocked-hopeless-optional-o1 False peer_only
main triage-blocked-hopeless-required-o1 False peer_only
main release-blocked-hopeless-optional-o0 False peer_only
main release-available-none-automatic-o1 False own_only
main triage-blocked-none-automatic-o0 False peer_only
main release-available-none-automatic-o0 False own_only
main triage-available-none-automatic-o1 False peer_only
main release-available-hopeless-required-o0 False peer_only
main release-available-hopeless-optional-o0 False peer_only
main release-blocked-hopeless-required-o0 False peer_only
main triage-available-hopeless-optional-o0 False peer_only
main triage-available-none-required-o1 True peer_only
main triage-available-none-automatic-o0 False own_only
main triage-available-hopeless-required-o1 False peer_only
main release-blocked-none-automatic-o1 False peer_only
main triage-blocked-none-required-o1 True peer_only
main triage-blocked-hopeless-automatic-o0 False peer_only
main triage-available-hopeless-optional-o1 False peer_only
main triage-available-none-optional-o0 True peer_only
main release-blocked-hopeless-automatic-o1 False peer_only
main triage-available-none-optional-o1 True peer_only
main release-blocked-none-optional-o0 True peer_only
main release-blocked-none-automatic-o0 False peer_only
main release-blocked-hopeless-optional-o1 False peer_only
main triage-blocked-none-required-o0 True peer_only
main triage-available-hopeless-automatic-o0 False own_only
main release-blocked-none-required-o1 True peer_only
main release-available-none-optional-o0 True own_only
main triage-blocked-hopeless-required-o0 False peer_only
main release-blocked-hopeless-required-o1 False peer_only
main release-available-none-required-o0 True peer_only
main release-available-hopeless-automatic-o0 False own_only
secondary release-slack-hopeless-automatic-o1 False own_only
secondary triage-slack-hopeless-automatic-o1 False own_only
secondary release-slack-hopeless-optional-o1 False peer_only
secondary triage-slack-hopeless-optional-o1 False peer_only
secondary triage-slack-hopeless-optional-o0 False peer_only
secondary release-slack-hopeless-required-o1 False peer_only
secondary triage-slack-hopeless-automatic-o0 False own_only
secondary triage-slack-hopeless-required-o1 False peer_only
secondary release-slack-hopeless-automatic-o0 False own_only
secondary release-slack-hopeless-optional-o0 False peer_only
secondary release-slack-hopeless-required-o0 False peer_only
secondary triage-slack-hopeless-required-o0 False peer_only
replay triage-blocked-hopeless-optional-o0 False peer_only
replay release-blocked-hopeless-optional-o0 False peer_only
replay release-available-hopeless-optional-o0 False peer_only
replay triage-available-hopeless-optional-o0 False peer_only
